Wed Sep 16 10:17:28 UTC 2026
=== filter cell (CPU rehearsal, 1k-query prefix, --skip-perf --mode eager)
2026-09-16 10:17:30.854 | INFO     | bench.config:load_matrix:363 - yfcc10m/filter: 1 jobs, 1 cells
2026-09-16 10:17:41.164 | INFO     | eval_datasets.layout:apply_users_limit:188 - users_limit=1000: keeping the first 1000 of 100000 queries
2026-09-16 10:17:41.165 | INFO     | bench.inputs:load_inputs:57 - inputs: items 10000000 queries 1000 dim 192
2026-09-16 10:17:48.264 | INFO     | bench.inputs:build_filters:109 - filter modules (clause): ['torch']
2026-09-16 10:17:48.265 | INFO     | bench.oracle:load_or_build:227 -   building exact oracle (k_gt=1000) for sweep tags_and
2026-09-16 10:33:10.500 | INFO     | bench.oracle:load_or_build:254 -   saved oracle → data/yfcc10m/gt_d192/oracle_v4_tags_and_d5c37a52855b3b3b.pt (pass_rate=0.0182)
2026-09-16 10:33:10.504 | INFO     | bench.run:run:455 - build linr_v1_filter_mask clause/tags_and torch build={}
Traceback (most recent call last):
    main()
bench.run.QualityGateError: linr_v1_filter_mask/torch recall_oracle@1000 = 0.9641 < 0.99
filter rc=1
Wed Sep 16 11:52:38 UTC 2026
=== none cell (CPU rehearsal)
2026-09-16 11:52:40.723 | INFO     | bench.config:load_matrix:363 - yfcc10m/none_e1: 1 jobs, 1 cells
2026-09-16 11:52:47.571 | INFO     | eval_datasets.layout:apply_users_limit:188 - users_limit=1000: keeping the first 1000 of 100000 queries
2026-09-16 11:52:47.573 | INFO     | bench.inputs:load_inputs:57 - inputs: items 10000000 queries 1000 dim 192
2026-09-16 11:52:47.756 | INFO     | bench.run:run:455 - build linr_v1_filter_mask none/full_scan torch build={}
2026-09-16 12:25:24.483 | INFO     | bench.run:run:577 -   linr_v1_filter_mask none/full_scan torch params={} -> partial (1952s)
2026-09-16 12:25:25.026 | INFO     | bench.run:run:585 - done: {'partial': 1}
yfcc10m/none_e1: {'partial': 1}
none rc=0
Wed Sep 16 12:25:26 UTC 2026
