/scratch/wt/e4b/evaluation/training/model.py:42: UserWarning: enable_nested_tensor is True, but self.use_nested_tensor is False because encoder_layer.norm_first was True
  self.encoder = nn.TransformerEncoder(encoder_layer, num_layers=num_blocks)

2026-09-26 08:16:03.194 | INFO     | training.train:train:215 - Epoch 0 — loss: 0.0267 | ndcg@10: 0.0008 | val: {"ndcg@10": 0.0008, "recall@10": 0.0001, "ndcg@100": 0.001, "recall@100": 0.0006, "coverage@10": 0.0, "coverage@100": 0.0}

2026-09-26 08:26:15.676 | INFO     | training.train:train:215 - Epoch 1 — loss: 0.0087 | ndcg@10: 0.0042 | val: {"ndcg@10": 0.0042, "recall@10": 0.0003, "ndcg@100": 0.0033, "recall@100": 0.0021, "coverage@10": 0.0, "coverage@100": 0.0}

2026-09-26 08:36:27.146 | INFO     | training.train:train:215 - Epoch 2 — loss: 0.0075 | ndcg@10: 0.0133 | val: {"ndcg@10": 0.0133, "recall@10": 0.001, "ndcg@100": 0.0106, "recall@100": 0.0067, "coverage@10": 0.0, "coverage@100": 0.0002}

2026-09-26 08:46:37.821 | INFO     | training.train:train:215 - Epoch 3 — loss: 0.0062 | ndcg@10: 0.0220 | val: {"ndcg@10": 0.022, "recall@10": 0.0016, "ndcg@100": 0.0154, "recall@100": 0.0097, "coverage@10": 0.0001, "coverage@100": 0.0004}

2026-09-26 08:56:49.537 | INFO     | training.train:train:215 - Epoch 4 — loss: 0.0056 | ndcg@10: 0.0222 | val: {"ndcg@10": 0.0222, "recall@10": 0.0017, "ndcg@100": 0.0159, "recall@100": 0.0099, "coverage@10": 0.0001, "coverage@100": 0.0005}

2026-09-26 09:07:00.060 | INFO     | training.train:train:215 - Epoch 5 — loss: 0.0052 | ndcg@10: 0.0241 | val: {"ndcg@10": 0.0241, "recall@10": 0.0019, "ndcg@100": 0.018, "recall@100": 0.0112, "coverage@10": 0.0001, "coverage@100": 0.0005}

2026-09-26 09:17:10.689 | INFO     | training.train:train:215 - Epoch 6 — loss: 0.0049 | ndcg@10: 0.0228 | val: {"ndcg@10": 0.0228, "recall@10": 0.0019, "ndcg@100": 0.0184, "recall@100": 0.0118, "coverage@10": 0.0001, "coverage@100": 0.0006}

2026-09-26 09:27:10.300 | INFO     | training.train:train:215 - Epoch 7 — loss: 0.0046 | ndcg@10: 0.0267 | val: {"ndcg@10": 0.0267, "recall@10": 0.0022, "ndcg@100": 0.0202, "recall@100": 0.013, "coverage@10": 0.0001, "coverage@100": 0.0006}

2026-09-26 09:37:21.487 | INFO     | training.train:train:215 - Epoch 8 — loss: 0.0044 | ndcg@10: 0.0321 | val: {"ndcg@10": 0.0321, "recall@10": 0.0025, "ndcg@100": 0.0221, "recall@100": 0.0133, "coverage@10": 0.0001, "coverage@100": 0.0008}

2026-09-26 09:47:34.054 | INFO     | training.train:train:215 - Epoch 9 — loss: 0.0042 | ndcg@10: 0.0288 | val: {"ndcg@10": 0.0288, "recall@10": 0.0023, "ndcg@100": 0.0212, "recall@100": 0.0133, "coverage@10": 0.0001, "coverage@100": 0.0008}

2026-09-26 09:57:30.276 | INFO     | training.train:train:215 - Epoch 10 — loss: 0.0040 | ndcg@10: 0.0297 | val: {"ndcg@10": 0.0297, "recall@10": 0.0023, "ndcg@100": 0.0226, "recall@100": 0.0146, "coverage@10": 0.0002, "coverage@100": 0.0009}

2026-09-26 10:07:26.469 | INFO     | training.train:train:215 - Epoch 11 — loss: 0.0039 | ndcg@10: 0.0302 | val: {"ndcg@10": 0.0302, "recall@10": 0.0026, "ndcg@100": 0.0232, "recall@100": 0.0148, "coverage@10": 0.0002, "coverage@100": 0.0009}

2026-09-26 10:17:22.951 | INFO     | training.train:train:215 - Epoch 12 — loss: 0.0037 | ndcg@10: 0.0353 | val: {"ndcg@10": 0.0353, "recall@10": 0.0028, "ndcg@100": 0.0247, "recall@100": 0.0153, "coverage@10": 0.0002, "coverage@100": 0.001}

2026-09-26 10:27:33.796 | INFO     | training.train:train:215 - Epoch 13 — loss: 0.0036 | ndcg@10: 0.0361 | val: {"ndcg@10": 0.0361, "recall@10": 0.0028, "ndcg@100": 0.0253, "recall@100": 0.0158, "coverage@10": 0.0002, "coverage@100": 0.0011}

2026-09-26 10:37:48.076 | INFO     | training.train:train:215 - Epoch 14 — loss: 0.0035 | ndcg@10: 0.0315 | val: {"ndcg@10": 0.0315, "recall@10": 0.0025, "ndcg@100": 0.024, "recall@100": 0.0152, "coverage@10": 0.0002, "coverage@100": 0.0012}

2026-09-26 10:47:43.688 | INFO     | training.train:train:215 - Epoch 15 — loss: 0.0034 | ndcg@10: 0.0355 | val: {"ndcg@10": 0.0355, "recall@10": 0.0026, "ndcg@100": 0.0247, "recall@100": 0.0152, "coverage@10": 0.0002, "coverage@100": 0.0012}

2026-09-26 10:57:40.581 | INFO     | training.train:train:215 - Epoch 16 — loss: 0.0033 | ndcg@10: 0.0302 | val: {"ndcg@10": 0.0302, "recall@10": 0.0023, "ndcg@100": 0.0239, "recall@100": 0.0149, "coverage@10": 0.0002, "coverage@100": 0.0013}

2026-09-26 11:07:37.320 | INFO     | training.train:train:215 - Epoch 17 — loss: 0.0032 | ndcg@10: 0.0316 | val: {"ndcg@10": 0.0316, "recall@10": 0.0025, "ndcg@100": 0.0241, "recall@100": 0.015, "coverage@10": 0.0002, "coverage@100": 0.0014}

2026-09-26 11:17:36.859 | INFO     | training.train:train:215 - Epoch 18 — loss: 0.0032 | ndcg@10: 0.0319 | val: {"ndcg@10": 0.0319, "recall@10": 0.0025, "ndcg@100": 0.0242, "recall@100": 0.015, "coverage@10": 0.0003, "coverage@100": 0.0014}
2026-09-26 11:18:23.238 | INFO     | training.train:train:271 - Early stopping at epoch 18.
2026-09-26 11:19:30.379 | INFO     | training.train:train:305 - Test metrics: {
  "ndcg@10": 0.008777110315602165,
  "recall@10": 0.00043998281557962456,
  "ndcg@100": 0.005899705076984787,
  "recall@100": 0.0023941666539873435,
  "coverage@10": 0.00036396579451897665,
  "coverage@100": 0.0022113239524981097
}
