<All keys matched successfully>
ALL DONE encode_queries — (10000, 768) → /data/openalex/content_d768/query_emb.pt
{
  "n_items": 10000000,
  "clauses": [
    "field",
    "earlier_era",
    "subfield",
    "source",
    "is_oa"
  ],
  "clause_is_reverse": [
    false,
    false,
    false,
    true,
    false
  ],
  "vocab_sizes": {
    "field": 26,
    "subfield": 252,
    "source": 5000,
    "era": 5
  },
  "coverage": {
    "field": 0.9985,
    "earlier_era": 0.7375,
    "subfield": 0.9985,
    "source": 0.516,
    "is_oa": 1.0
  },
  "query_clause_active": {
    "field": 1.0,
    "earlier_era": 1.0,
    "subfield": 1.0,
    "source": 0.5844,
    "is_oa": 1.0
  },
  "target_passes_clause": {
    "field": 1.0,
    "earlier_era": 1.0,
    "subfield": 0.7522,
    "source": 0.925564681724846,
    "is_oa": 0.5086
  },
  "wall_clock_sec": 5.8
}
EXIT 0
